#-----------------------------------------------------------
# Vivado v2023.2 (64-bit)
# SW Build 4029153 on Fri Oct 13 20:14:34 MDT 2023
# IP Build 4028589 on Sat Oct 14 00:45:43 MDT 2023
# SharedData Build 4025554 on Tue Oct 10 17:18:54 MDT 2023
# Start of session at: Wed Apr 24 21:46:40 2024
# Process ID: 12256
# Current directory: C:/Users/Asus/OneDrive/Documents/AMD Vivado Vitis Projects/project_1/project_1.runs/Zync_example_blk_mem_gen_0_0_synth_1
# Command line: vivado.exe -log Zync_example_blk_mem_gen_0_0.vds -product Vivado -mode batch -messageDb vivado.pb -notrace -source Zync_example_blk_mem_gen_0_0.tcl
# Log file: C:/Users/Asus/OneDrive/Documents/AMD Vivado Vitis Projects/project_1/project_1.runs/Zync_example_blk_mem_gen_0_0_synth_1/Zync_example_blk_mem_gen_0_0.vds
# Journal file: C:/Users/Asus/OneDrive/Documents/AMD Vivado Vitis Projects/project_1/project_1.runs/Zync_example_blk_mem_gen_0_0_synth_1\vivado.jou
# Running On: DESKTOP-5LJ8H6P, OS: Windows, CPU Frequency: 2208 MHz, CPU Physical cores: 6, Host memory: 17027 MB
#-----------------------------------------------------------
source Zync_example_blk_mem_gen_0_0.tcl -notrace
